1. Firebase: 